VALUE starving_with_energy_selects_unknown_stock_search=true
private_lead_is_not_global_supply_knowledge=true
own_appraisal_remains_detached=true
search_enters_existing_native_locomotion=true
deliberation_does_not_reset_executing_route=true
departure_is_not_required_for_search=true
unload_preserves_search_and_no_forced_return=true
search_arrival_does_not_grant_stock_or_new_home=true
dusk_does_not_override_selected_search=true
ordinary_low_needs_allow_voluntary_return=true
return_routes_to_own_remembered_address=true
leader_address_is_not_inherited_knowledge=true
personally_experienced_conflict_can_choose_departure=true
departure_deliberation_does_not_rehome_anyone=true
departure_admits_native_route_and_owned_withdrawal=true
even_selected_departure_needs_actual_indoor_arrival=true
actual_arrival_changes_only_actor_residence=true
new_residence_requires_no_personal_or_group_claim=true
repeated_arrival_is_idempotent=true
new_home_is_retained_after_departure=true
strategic_deliberation_coexists_with_native_work=true
strategic_choice_does_not_replace_busy_owner=true
actual_native_lock_refusal_cannot_become_arrival=true
repeated_decisions_honor_exact_route_retry=true
unloaded_blocked_route_respects_same_retry=true
failed_native_route_is_not_immediately_repeated=true
failed_target_does_not_block_another_private_lead=true
reload_retains_purpose_without_false_native_completion=true
immediate_threat_interrupts_exact_residence_route=true
unseen_global_claim_cannot_veto_physical_permission=true
acquired_claim_changes_own_normative_choice=true
unseen_claim_does_not_block_native_residence_arrival=true
visits_do_not_create_collective_claim_or_mass_rehome=true
group_membership_gives_no_unseen_leader_position=true
old_sighting_cannot_replace_current_native_visibility=true
actually_seen_company_can_still_be_followed=true
conflict_can_preserve_residence_with_own_attachment_and_obligations=true
player_claim_acquisition_does_not_rehome_companions=true
player_claim_release_does_not_erase_companion_residence=true
actual_companion_initiation_does_not_copy_player_claim=true
actual_live_update_keeps_quiet_residence_route=true
actual_live_acquisition_preempts_residence_for_close_threat=true
actual_live_treatable_bleeding_preempts_residence_route=true
native_exterior_acquisition_is_private_unknown_stock=true
exterior_reader_is_detached=true
foreign_private_lead_record_is_not_admitted=true
future_exterior_acquisition_is_not_admitted=true
future_exterior_acquisition_cannot_drive_dormant_travel=true
current_exterior_acquisition_retains_dormant_target=true
exterior_private_memory_survives_save_bind=true
unentered_unknown_stock_lead_selects_observed_outside_approach=true
outside_approach_only_proposes_bounded_native_entry=true
reconsideration_preserves_pending_doorway_entry=true
entry_refusal_grants_no_interior_or_stock=true
distinct_observed_entrances_retain_separate_private_memory=true
locked_door_failure_leaves_other_observed_entrance_available=true
failed_entrance_keeps_its_own_deadline=true
reobserving_failed_entrance_keeps_other_memory_and_backoff=true
changed_exterior_geometry_cannot_drive_dormant_travel=true
new_entrance_does_not_retarget_admitted_native_route=true
foreign_body_cannot_teach_exterior_lead=true
god_camera_cannot_teach_private_lead=true
actual_visible_holder_acquires_exact_anchor_without_building_or_stock=true
fabricated_candidate_cannot_acquire_holder_anchor=true
foreign_candidate_cannot_acquire_holder_anchor=true
changed_candidate_cannot_rewrite_observed_geometry=true
stale_candidate_cannot_acquire_holder_anchor=true
changed_private_admission_refuses_before_native_inspection=true
native_inspection_refusal_does_not_grant_private_stock=true
actual_exact_inspection_after_exterior_approach_grants_only_own_source=true
native_exterior_producer_retains_64_private_leads=true
valid_private_residence_union_keeps_nearest_order=true
oversized_saved_exterior_input_has_bounded_sort=true
current_route_retained_with_newer_saved_attempts=true
retry_ties_use_exact_lexical_order=true
successful_visits_keep_retry_ledger_bounded=true
success_retention_keeps_newest_exact_targets=true
failed_routes_keep_retry_ledger_bounded=true
failure_retention_preserves_exact_retry_and_unknown_stock=true
purpose_capacity_keeps_maintained_residence=true
controller_drop_detaches_native_admission_and_preserves_private_purpose=true
death_ends_residence_without_fake_arrival=true
observed_open_window_competes_with_closed_door=true
window_choice_uses_actual_locomotion=true
ordinary_window_route_revokes_prior_force_permission=true
window_route_yields_to_current_threat=true
entry_permission_refuse_cannot_start_native_route=true
entry_permission_throw_cannot_start_native_route=true
standing_excludes_known_foreign_window=true
foreign_window_memory_cannot_win_choice=true
hidden_lock_visual_claim_not_admitted=true
unseen_window_is_not_invented=true
initial_closed_door_remains_valid_alternative=true
native_failed_edge_is_consumed_into_private_entry_memory=true
entry_outcome_replay_is_inert=true
known_barrier_has_no_rapid_identical_retry=true
unchanged_barrier_changes_choice_after_backoff=true
alternative_window_attempt_owns_its_route=true
window_refusal_is_actual_private_edge_evidence=true
changed_observed_aperture_can_be_reconsidered=true
different_failed_edge_never_teaches_selected_window_lock=true
mismatched_barrier_verdict_not_admitted=true
unobserved_failed_edge_does_not_invent_entrance=true
solitary_unchanged_barrier_has_bounded_backoff=true
changed_visual_condition_supersedes_only_own_backoff=true
